2026-04-10 00:02:39 [SpringApplicationShutdownHook] INFO  com.zaxxer.hikari.HikariDataSource - HikariPool-1 - Shutdown initiated...
2026-04-10 00:02:39 [SpringApplicationShutdownHook] INFO  com.zaxxer.hikari.HikariDataSource - HikariPool-1 - Shutdown completed.
2026-04-10 00:02:45 [main] INFO  c.l.r.LabRecruitmentApplication - Starting LabRecruitmentApplication using Java 17.0.12 on DESKTOP-BA8OBJV with PID 32392 (C:\Users\cjh\IdeaProjects\labLink\lab\target\classes started by cjh in C:\Users\cjh\IdeaProjects\labLink)
2026-04-10 00:02:45 [main] INFO  c.l.r.LabRecruitmentApplication - No active profile set, falling back to 1 default profile: "default"
2026-04-10 00:02:46 [main] INFO  o.s.d.r.c.RepositoryConfigurationDelegate - Multiple Spring Data modules found, entering strict repository configuration mode
2026-04-10 00:02:46 [main] INFO  o.s.d.r.c.RepositoryConfigurationDelegate - Bootstrapping Spring Data Redis repositories in DEFAULT mode.
2026-04-10 00:02:46 [main] INFO  o.s.d.r.c.RepositoryConfigurationDelegate - Finished Spring Data repository scanning in 17 ms. Found 0 Redis repository interfaces.
2026-04-10 00:02:47 [main] INFO  o.s.b.w.e.tomcat.TomcatWebServer - Tomcat initialized with port(s): 8081 (http)
2026-04-10 00:02:47 [main] INFO  o.a.catalina.core.StandardService - Starting service [Tomcat]
2026-04-10 00:02:47 [main] INFO  o.a.catalina.core.StandardEngine - Starting Servlet engine: [Apache Tomcat/9.0.78]
2026-04-10 00:02:47 [main] INFO  o.a.c.c.C.[Tomcat].[localhost].[/] - Initializing Spring embedded WebApplicationContext
2026-04-10 00:02:47 [main] INFO  o.s.b.w.s.c.ServletWebServerApplicationContext - Root WebApplicationContext: initialization completed in 1217 ms
2026-04-10 00:02:47 [main] INFO  o.f.c.i.license.VersionPrinter - Flyway Community Edition 8.5.13 by Redgate
2026-04-10 00:02:47 [main] INFO  o.f.c.i.license.VersionPrinter - See what's new here: https://flywaydb.org/documentation/learnmore/releaseNotes#8.5.13
2026-04-10 00:02:47 [main] INFO  o.f.c.i.license.VersionPrinter - 
2026-04-10 00:02:47 [main] INFO  com.zaxxer.hikari.HikariDataSource - HikariPool-1 - Starting...
2026-04-10 00:02:47 [main] INFO  com.zaxxer.hikari.HikariDataSource - HikariPool-1 - Start completed.
2026-04-10 00:02:47 [main] INFO  o.f.c.i.d.base.BaseDatabaseType - Database: jdbc:mysql://localhost:3306/lab_recruitment (MySQL 8.0)
2026-04-10 00:02:47 [main] INFO  o.f.core.internal.command.DbValidate - Successfully validated 9 migrations (execution time 00:00.038s)
2026-04-10 00:02:47 [main] INFO  o.f.core.internal.command.DbMigrate - Current version of schema `lab_recruitment`: 9
2026-04-10 00:02:47 [main] INFO  o.f.core.internal.command.DbMigrate - Schema `lab_recruitment` is up to date. No migration necessary.
2026-04-10 00:02:48 [main] INFO  o.s.s.web.DefaultSecurityFilterChain - Will secure any request with [org.springframework.security.web.session.DisableEncodeUrlFilter@2152fde5, org.springframework.security.web.context.request.async.WebAsyncManagerIntegrationFilter@5d58dc61, org.springframework.security.web.context.SecurityContextPersistenceFilter@6cd7f381, org.springframework.security.web.header.HeaderWriterFilter@68d8ae27, org.springframework.web.filter.CorsFilter@32328dc4, org.springframework.security.web.authentication.logout.LogoutFilter@2ec0ca83, com.lab.recruitment.config.JwtAuthenticationFilter@afee63, org.springframework.security.web.savedrequest.RequestCacheAwareFilter@4e5d5ac1, org.springframework.security.web.servletapi.SecurityContextHolderAwareRequestFilter@70777a65, org.springframework.security.web.authentication.AnonymousAuthenticationFilter@17df689e, org.springframework.security.web.session.SessionManagementFilter@7d7d8911, org.springframework.security.web.access.ExceptionTranslationFilter@2570b316, org.springframework.security.web.access.intercept.FilterSecurityInterceptor@11adab6d]
2026-04-10 00:02:49 [main] INFO  c.b.m.e.s.MybatisPlusApplicationContextAware - Register ApplicationContext instances org.springframework.boot.web.servlet.context.AnnotationConfigServletWebServerApplicationContext@20435c40
2026-04-10 00:02:49 [main] INFO  o.s.b.w.e.tomcat.TomcatWebServer - Tomcat started on port(s): 8081 (http) with context path ''
2026-04-10 00:02:49 [main] INFO  c.l.r.LabRecruitmentApplication - Started LabRecruitmentApplication in 4.002 seconds (JVM running for 4.677)
2026-04-10 00:03:23 [http-nio-8081-exec-1] INFO  o.a.c.c.C.[Tomcat].[localhost].[/] - Initializing Spring DispatcherServlet 'dispatcherServlet'
2026-04-10 00:03:23 [http-nio-8081-exec-1] INFO  o.s.web.servlet.DispatcherServlet - Initializing Servlet 'dispatcherServlet'
2026-04-10 00:03:23 [http-nio-8081-exec-1] INFO  o.s.web.servlet.DispatcherServlet - Completed initialization in 2 ms
2026-04-10 00:03:30 [http-nio-8081-exec-7] WARN  c.l.r.config.JwtAuthenticationFilter - Unable to get JWT Token
2026-04-10 00:03:30 [http-nio-8081-exec-2] WARN  c.l.r.config.JwtAuthenticationFilter - Unable to get JWT Token
2026-04-10 00:03:30 [http-nio-8081-exec-6] WARN  c.l.r.config.JwtAuthenticationFilter - Unable to get JWT Token
2026-04-10 00:03:30 [http-nio-8081-exec-5] WARN  c.l.r.config.JwtAuthenticationFilter - Unable to get JWT Token
2026-04-10 00:03:30 [http-nio-8081-exec-4] WARN  c.l.r.config.JwtAuthenticationFilter - Unable to get JWT Token
2026-04-10 00:03:36 [http-nio-8081-exec-8] WARN  c.l.r.config.JwtAuthenticationFilter - Unable to get JWT Token
2026-04-10 00:03:37 [http-nio-8081-exec-9] WARN  c.l.r.config.JwtAuthenticationFilter - Unable to get JWT Token
2026-04-10 00:03:37 [http-nio-8081-exec-10] WARN  c.l.r.config.JwtAuthenticationFilter - Unable to get JWT Token
2026-04-10 00:03:37 [http-nio-8081-exec-3] WARN  c.l.r.config.JwtAuthenticationFilter - Unable to get JWT Token
2026-04-10 00:03:37 [http-nio-8081-exec-1] WARN  c.l.r.config.JwtAuthenticationFilter - Unable to get JWT Token
2026-04-10 00:03:37 [http-nio-8081-exec-4] WARN  c.l.r.config.JwtAuthenticationFilter - Unable to get JWT Token
2026-04-10 09:56:12 [main] INFO  c.l.r.LabRecruitmentApplication - Starting LabRecruitmentApplication using Java 17.0.12 on DESKTOP-BA8OBJV with PID 9876 (C:\Users\cjh\IdeaProjects\labLink\lab\target\classes started by cjh in C:\Users\cjh\IdeaProjects\labLink)
2026-04-10 09:56:12 [main] INFO  c.l.r.LabRecruitmentApplication - No active profile set, falling back to 1 default profile: "default"
2026-04-10 09:56:13 [main] INFO  o.s.d.r.c.RepositoryConfigurationDelegate - Multiple Spring Data modules found, entering strict repository configuration mode
2026-04-10 09:56:13 [main] INFO  o.s.d.r.c.RepositoryConfigurationDelegate - Bootstrapping Spring Data Redis repositories in DEFAULT mode.
2026-04-10 09:56:13 [main] INFO  o.s.d.r.c.RepositoryConfigurationDelegate - Finished Spring Data repository scanning in 21 ms. Found 0 Redis repository interfaces.
2026-04-10 09:56:14 [main] INFO  o.s.b.w.e.tomcat.TomcatWebServer - Tomcat initialized with port(s): 8081 (http)
2026-04-10 09:56:14 [main] INFO  o.a.catalina.core.StandardService - Starting service [Tomcat]
2026-04-10 09:56:14 [main] INFO  o.a.catalina.core.StandardEngine - Starting Servlet engine: [Apache Tomcat/9.0.78]
2026-04-10 09:56:14 [main] INFO  o.a.c.c.C.[Tomcat].[localhost].[/] - Initializing Spring embedded WebApplicationContext
2026-04-10 09:56:14 [main] INFO  o.s.b.w.s.c.ServletWebServerApplicationContext - Root WebApplicationContext: initialization completed in 1816 ms
2026-04-10 09:56:14 [main] INFO  o.f.c.i.license.VersionPrinter - Flyway Community Edition 8.5.13 by Redgate
2026-04-10 09:56:14 [main] INFO  o.f.c.i.license.VersionPrinter - See what's new here: https://flywaydb.org/documentation/learnmore/releaseNotes#8.5.13
2026-04-10 09:56:14 [main] INFO  o.f.c.i.license.VersionPrinter - 
2026-04-10 09:56:14 [main] INFO  com.zaxxer.hikari.HikariDataSource - HikariPool-1 - Starting...
2026-04-10 09:56:15 [main] INFO  com.zaxxer.hikari.HikariDataSource - HikariPool-1 - Start completed.
2026-04-10 09:56:15 [main] INFO  o.f.c.i.d.base.BaseDatabaseType - Database: jdbc:mysql://localhost:3306/lab_recruitment (MySQL 8.0)
2026-04-10 09:56:15 [main] INFO  o.f.core.internal.command.DbValidate - Successfully validated 9 migrations (execution time 00:00.058s)
2026-04-10 09:56:15 [main] INFO  o.f.core.internal.command.DbMigrate - Current version of schema `lab_recruitment`: 9
2026-04-10 09:56:15 [main] INFO  o.f.core.internal.command.DbMigrate - Schema `lab_recruitment` is up to date. No migration necessary.
2026-04-10 09:56:17 [main] INFO  o.s.s.web.DefaultSecurityFilterChain - Will secure any request with [org.springframework.security.web.session.DisableEncodeUrlFilter@1c2cdc67, org.springframework.security.web.context.request.async.WebAsyncManagerIntegrationFilter@4c28f97e, org.springframework.security.web.context.SecurityContextPersistenceFilter@5c1dd18, org.springframework.security.web.header.HeaderWriterFilter@41e7a544, org.springframework.web.filter.CorsFilter@21d8da75, org.springframework.security.web.authentication.logout.LogoutFilter@23708f14, com.lab.recruitment.config.JwtAuthenticationFilter@2c678c7b, org.springframework.security.web.savedrequest.RequestCacheAwareFilter@5178345d, org.springframework.security.web.servletapi.SecurityContextHolderAwareRequestFilter@7b2d58e6, org.springframework.security.web.authentication.AnonymousAuthenticationFilter@5a1c7619, org.springframework.security.web.session.SessionManagementFilter@5eee3da9, org.springframework.security.web.access.ExceptionTranslationFilter@117fb9ba, org.springframework.security.web.access.intercept.FilterSecurityInterceptor@1f3361e9]
2026-04-10 09:56:17 [main] INFO  c.b.m.e.s.MybatisPlusApplicationContextAware - Register ApplicationContext instances org.springframework.boot.web.servlet.context.AnnotationConfigServletWebServerApplicationContext@793138bd
2026-04-10 09:56:18 [main] INFO  o.s.b.w.e.tomcat.TomcatWebServer - Tomcat started on port(s): 8081 (http) with context path ''
2026-04-10 09:56:18 [main] INFO  c.l.r.LabRecruitmentApplication - Started LabRecruitmentApplication in 5.83 seconds (JVM running for 6.57)
2026-04-10 09:56:39 [http-nio-8081-exec-4] INFO  o.a.c.c.C.[Tomcat].[localhost].[/] - Initializing Spring DispatcherServlet 'dispatcherServlet'
2026-04-10 09:56:39 [http-nio-8081-exec-4] INFO  o.s.web.servlet.DispatcherServlet - Initializing Servlet 'dispatcherServlet'
2026-04-10 09:56:39 [http-nio-8081-exec-4] INFO  o.s.web.servlet.DispatcherServlet - Completed initialization in 3 ms
2026-04-10 09:58:50 [SpringApplicationShutdownHook] INFO  com.zaxxer.hikari.HikariDataSource - HikariPool-1 - Shutdown initiated...
2026-04-10 09:58:50 [SpringApplicationShutdownHook] INFO  com.zaxxer.hikari.HikariDataSource - HikariPool-1 - Shutdown completed.
2026-04-10 11:19:34 [main] INFO  c.l.r.LabRecruitmentApplication - Starting LabRecruitmentApplication using Java 17.0.12 on DESKTOP-BA8OBJV with PID 21956 (C:\Users\cjh\IdeaProjects\labLink\lab\target\classes started by cjh in C:\Users\cjh\IdeaProjects\labLink)
2026-04-10 11:19:34 [main] INFO  c.l.r.LabRecruitmentApplication - No active profile set, falling back to 1 default profile: "default"
2026-04-10 11:19:35 [main] INFO  o.s.d.r.c.RepositoryConfigurationDelegate - Multiple Spring Data modules found, entering strict repository configuration mode
2026-04-10 11:19:35 [main] INFO  o.s.d.r.c.RepositoryConfigurationDelegate - Bootstrapping Spring Data Redis repositories in DEFAULT mode.
2026-04-10 11:19:35 [main] INFO  o.s.d.r.c.RepositoryConfigurationDelegate - Finished Spring Data repository scanning in 18 ms. Found 0 Redis repository interfaces.
2026-04-10 11:19:35 [main] INFO  o.s.b.w.e.tomcat.TomcatWebServer - Tomcat initialized with port(s): 8081 (http)
2026-04-10 11:19:35 [main] INFO  o.a.catalina.core.StandardService - Starting service [Tomcat]
2026-04-10 11:19:35 [main] INFO  o.a.catalina.core.StandardEngine - Starting Servlet engine: [Apache Tomcat/9.0.78]
2026-04-10 11:19:36 [main] INFO  o.a.c.c.C.[Tomcat].[localhost].[/] - Initializing Spring embedded WebApplicationContext
2026-04-10 11:19:36 [main] INFO  o.s.b.w.s.c.ServletWebServerApplicationContext - Root WebApplicationContext: initialization completed in 1126 ms
2026-04-10 11:19:36 [main] INFO  o.f.c.i.license.VersionPrinter - Flyway Community Edition 8.5.13 by Redgate
2026-04-10 11:19:36 [main] INFO  o.f.c.i.license.VersionPrinter - See what's new here: https://flywaydb.org/documentation/learnmore/releaseNotes#8.5.13
2026-04-10 11:19:36 [main] INFO  o.f.c.i.license.VersionPrinter - 
2026-04-10 11:19:36 [main] INFO  com.zaxxer.hikari.HikariDataSource - HikariPool-1 - Starting...
2026-04-10 11:19:36 [main] INFO  com.zaxxer.hikari.HikariDataSource - HikariPool-1 - Start completed.
2026-04-10 11:19:36 [main] INFO  o.f.c.i.d.base.BaseDatabaseType - Database: jdbc:mysql://localhost:3306/lab_recruitment (MySQL 8.0)
2026-04-10 11:19:36 [main] INFO  o.f.core.internal.command.DbValidate - Successfully validated 9 migrations (execution time 00:00.029s)
2026-04-10 11:19:36 [main] INFO  o.f.core.internal.command.DbMigrate - Current version of schema `lab_recruitment`: 9
2026-04-10 11:19:36 [main] INFO  o.f.core.internal.command.DbMigrate - Schema `lab_recruitment` is up to date. No migration necessary.
2026-04-10 11:19:37 [main] INFO  o.s.s.web.DefaultSecurityFilterChain - Will secure any request with [org.springframework.security.web.session.DisableEncodeUrlFilter@70ee1963, org.springframework.security.web.context.request.async.WebAsyncManagerIntegrationFilter@2e0652ab, org.springframework.security.web.context.SecurityContextPersistenceFilter@2166c48a, org.springframework.security.web.header.HeaderWriterFilter@75b363c3, org.springframework.web.filter.CorsFilter@22c29aa8, org.springframework.security.web.authentication.logout.LogoutFilter@319aa9ee, com.lab.recruitment.config.JwtAuthenticationFilter@afee63, org.springframework.security.web.savedrequest.RequestCacheAwareFilter@73385d3f, org.springframework.security.web.servletapi.SecurityContextHolderAwareRequestFilter@6814262d, org.springframework.security.web.authentication.AnonymousAuthenticationFilter@129b69b2, org.springframework.security.web.session.SessionManagementFilter@18513c23, org.springframework.security.web.access.ExceptionTranslationFilter@6231f77a, org.springframework.security.web.access.intercept.FilterSecurityInterceptor@42b43a6]
2026-04-10 11:19:38 [main] INFO  c.b.m.e.s.MybatisPlusApplicationContextAware - Register ApplicationContext instances org.springframework.boot.web.servlet.context.AnnotationConfigServletWebServerApplicationContext@20435c40
2026-04-10 11:19:38 [main] INFO  o.s.b.w.e.tomcat.TomcatWebServer - Tomcat started on port(s): 8081 (http) with context path ''
2026-04-10 11:19:38 [main] INFO  c.l.r.LabRecruitmentApplication - Started LabRecruitmentApplication in 4.199 seconds (JVM running for 4.69)
2026-04-10 11:20:04 [http-nio-8081-exec-5] INFO  o.a.c.c.C.[Tomcat].[localhost].[/] - Initializing Spring DispatcherServlet 'dispatcherServlet'
2026-04-10 11:20:04 [http-nio-8081-exec-5] INFO  o.s.web.servlet.DispatcherServlet - Initializing Servlet 'dispatcherServlet'
2026-04-10 11:20:04 [http-nio-8081-exec-5] INFO  o.s.web.servlet.DispatcherServlet - Completed initialization in 1 ms
2026-04-10 11:34:05 [SpringApplicationShutdownHook] INFO  com.zaxxer.hikari.HikariDataSource - HikariPool-1 - Shutdown initiated...
2026-04-10 11:34:05 [SpringApplicationShutdownHook] INFO  com.zaxxer.hikari.HikariDataSource - HikariPool-1 - Shutdown completed.
2026-04-10 11:34:07 [main] INFO  c.l.r.LabRecruitmentApplication - Starting LabRecruitmentApplication using Java 17.0.12 on DESKTOP-BA8OBJV with PID 28124 (C:\Users\cjh\IdeaProjects\labLink\lab\target\classes started by cjh in C:\Users\cjh\IdeaProjects\labLink)
2026-04-10 11:34:07 [main] INFO  c.l.r.LabRecruitmentApplication - No active profile set, falling back to 1 default profile: "default"
2026-04-10 11:34:08 [main] INFO  o.s.d.r.c.RepositoryConfigurationDelegate - Multiple Spring Data modules found, entering strict repository configuration mode
2026-04-10 11:34:08 [main] INFO  o.s.d.r.c.RepositoryConfigurationDelegate - Bootstrapping Spring Data Redis repositories in DEFAULT mode.
2026-04-10 11:34:08 [main] INFO  o.s.d.r.c.RepositoryConfigurationDelegate - Finished Spring Data repository scanning in 18 ms. Found 0 Redis repository interfaces.
2026-04-10 11:34:08 [main] INFO  o.s.b.w.e.tomcat.TomcatWebServer - Tomcat initialized with port(s): 8081 (http)
2026-04-10 11:34:08 [main] INFO  o.a.catalina.core.StandardService - Starting service [Tomcat]
2026-04-10 11:34:08 [main] INFO  o.a.catalina.core.StandardEngine - Starting Servlet engine: [Apache Tomcat/9.0.78]
2026-04-10 11:34:08 [main] INFO  o.a.c.c.C.[Tomcat].[localhost].[/] - Initializing Spring embedded WebApplicationContext
2026-04-10 11:34:08 [main] INFO  o.s.b.w.s.c.ServletWebServerApplicationContext - Root WebApplicationContext: initialization completed in 1310 ms
2026-04-10 11:34:09 [main] INFO  o.f.c.i.license.VersionPrinter - Flyway Community Edition 8.5.13 by Redgate
2026-04-10 11:34:09 [main] INFO  o.f.c.i.license.VersionPrinter - See what's new here: https://flywaydb.org/documentation/learnmore/releaseNotes#8.5.13
2026-04-10 11:34:09 [main] INFO  o.f.c.i.license.VersionPrinter - 
2026-04-10 11:34:09 [main] INFO  com.zaxxer.hikari.HikariDataSource - HikariPool-1 - Starting...
2026-04-10 11:34:09 [main] INFO  com.zaxxer.hikari.HikariDataSource - HikariPool-1 - Start completed.
2026-04-10 11:34:09 [main] INFO  o.f.c.i.d.base.BaseDatabaseType - Database: jdbc:mysql://localhost:3306/lab_recruitment (MySQL 8.0)
2026-04-10 11:34:09 [main] INFO  o.f.core.internal.command.DbValidate - Successfully validated 9 migrations (execution time 00:00.023s)
2026-04-10 11:34:09 [main] INFO  o.f.core.internal.command.DbMigrate - Current version of schema `lab_recruitment`: 9
2026-04-10 11:34:09 [main] INFO  o.f.core.internal.command.DbMigrate - Schema `lab_recruitment` is up to date. No migration necessary.
2026-04-10 11:34:10 [main] INFO  o.s.s.web.DefaultSecurityFilterChain - Will secure any request with [org.springframework.security.web.session.DisableEncodeUrlFilter@11bfd751, org.springframework.security.web.context.request.async.WebAsyncManagerIntegrationFilter@29519337, org.springframework.security.web.context.SecurityContextPersistenceFilter@460eb276, org.springframework.security.web.header.HeaderWriterFilter@131c0b6f, org.springframework.web.filter.CorsFilter@2152fde5, org.springframework.security.web.authentication.logout.LogoutFilter@5503c7d, com.lab.recruitment.config.JwtAuthenticationFilter@14a1769d, org.springframework.security.web.savedrequest.RequestCacheAwareFilter@6cd7f381, org.springframework.security.web.servletapi.SecurityContextHolderAwareRequestFilter@7df3da0b, org.springframework.security.web.authentication.AnonymousAuthenticationFilter@5d58dc61, org.springframework.security.web.session.SessionManagementFilter@4449a60b, org.springframework.security.web.access.ExceptionTranslationFilter@25464154, org.springframework.security.web.access.intercept.FilterSecurityInterceptor@389008d1]
2026-04-10 11:34:10 [main] INFO  c.b.m.e.s.MybatisPlusApplicationContextAware - Register ApplicationContext instances org.springframework.boot.web.servlet.context.AnnotationConfigServletWebServerApplicationContext@20435c40
2026-04-10 11:34:11 [main] INFO  o.s.b.w.e.tomcat.TomcatWebServer - Tomcat started on port(s): 8081 (http) with context path ''
2026-04-10 11:34:11 [main] INFO  c.l.r.LabRecruitmentApplication - Started LabRecruitmentApplication in 4.198 seconds (JVM running for 4.618)
2026-04-10 12:04:48 [HikariPool-1 housekeeper] WARN  com.zaxxer.hikari.pool.HikariPool - HikariPool-1 - Thread starvation or clock leap detected (housekeeper delta=9m8s372ms345µs600ns).
2026-04-10 12:05:23 [SpringApplicationShutdownHook] INFO  com.zaxxer.hikari.HikariDataSource - HikariPool-1 - Shutdown initiated...
2026-04-10 12:05:23 [SpringApplicationShutdownHook] INFO  com.zaxxer.hikari.HikariDataSource - HikariPool-1 - Shutdown completed.
2026-04-10 12:05:26 [main] INFO  c.l.r.LabRecruitmentApplication - Starting LabRecruitmentApplication using Java 17.0.12 on DESKTOP-BA8OBJV with PID 38968 (C:\Users\cjh\IdeaProjects\labLink\lab\target\classes started by cjh in C:\Users\cjh\IdeaProjects\labLink)
2026-04-10 12:05:26 [main] INFO  c.l.r.LabRecruitmentApplication - No active profile set, falling back to 1 default profile: "default"
2026-04-10 12:05:27 [main] INFO  o.s.d.r.c.RepositoryConfigurationDelegate - Multiple Spring Data modules found, entering strict repository configuration mode
2026-04-10 12:05:27 [main] INFO  o.s.d.r.c.RepositoryConfigurationDelegate - Bootstrapping Spring Data Redis repositories in DEFAULT mode.
2026-04-10 12:05:27 [main] INFO  o.s.d.r.c.RepositoryConfigurationDelegate - Finished Spring Data repository scanning in 20 ms. Found 0 Redis repository interfaces.
2026-04-10 12:05:28 [main] INFO  o.s.b.w.e.tomcat.TomcatWebServer - Tomcat initialized with port(s): 8081 (http)
2026-04-10 12:05:28 [main] INFO  o.a.catalina.core.StandardService - Starting service [Tomcat]
2026-04-10 12:05:28 [main] INFO  o.a.catalina.core.StandardEngine - Starting Servlet engine: [Apache Tomcat/9.0.78]
2026-04-10 12:05:28 [main] INFO  o.a.c.c.C.[Tomcat].[localhost].[/] - Initializing Spring embedded WebApplicationContext
2026-04-10 12:05:28 [main] INFO  o.s.b.w.s.c.ServletWebServerApplicationContext - Root WebApplicationContext: initialization completed in 1519 ms
2026-04-10 12:05:28 [main] INFO  o.f.c.i.license.VersionPrinter - Flyway Community Edition 8.5.13 by Redgate
2026-04-10 12:05:28 [main] INFO  o.f.c.i.license.VersionPrinter - See what's new here: https://flywaydb.org/documentation/learnmore/releaseNotes#8.5.13
2026-04-10 12:05:28 [main] INFO  o.f.c.i.license.VersionPrinter - 
2026-04-10 12:05:28 [main] INFO  com.zaxxer.hikari.HikariDataSource - HikariPool-1 - Starting...
2026-04-10 12:05:28 [main] INFO  com.zaxxer.hikari.HikariDataSource - HikariPool-1 - Start completed.
2026-04-10 12:05:28 [main] INFO  o.f.c.i.d.base.BaseDatabaseType - Database: jdbc:mysql://localhost:3306/lab_recruitment (MySQL 8.0)
2026-04-10 12:05:28 [main] INFO  o.f.core.internal.command.DbValidate - Successfully validated 9 migrations (execution time 00:00.046s)
2026-04-10 12:05:28 [main] INFO  o.f.core.internal.command.DbMigrate - Current version of schema `lab_recruitment`: 9
2026-04-10 12:05:28 [main] INFO  o.f.core.internal.command.DbMigrate - Schema `lab_recruitment` is up to date. No migration necessary.
2026-04-10 12:05:30 [main] INFO  o.s.s.web.DefaultSecurityFilterChain - Will secure any request with [org.springframework.security.web.session.DisableEncodeUrlFilter@389008d1, org.springframework.security.web.context.request.async.WebAsyncManagerIntegrationFilter@718f3088, org.springframework.security.web.context.SecurityContextPersistenceFilter@4449a60b, org.springframework.security.web.header.HeaderWriterFilter@75c33608, org.springframework.web.filter.CorsFilter@11adab6d, org.springframework.security.web.authentication.logout.LogoutFilter@79c4f23b, com.lab.recruitment.config.JwtAuthenticationFilter@afee63, org.springframework.security.web.savedrequest.RequestCacheAwareFilter@7d7d8911, org.springframework.security.web.servletapi.SecurityContextHolderAwareRequestFilter@460eb276, org.springframework.security.web.authentication.AnonymousAuthenticationFilter@11bfd751, org.springframework.security.web.session.SessionManagementFilter@6814262d, org.springframework.security.web.access.ExceptionTranslationFilter@2570b316, org.springframework.security.web.access.intercept.FilterSecurityInterceptor@129b69b2]
2026-04-10 12:05:30 [main] INFO  c.b.m.e.s.MybatisPlusApplicationContextAware - Register ApplicationContext instances org.springframework.boot.web.servlet.context.AnnotationConfigServletWebServerApplicationContext@20435c40
2026-04-10 12:05:31 [main] INFO  o.s.b.w.e.tomcat.TomcatWebServer - Tomcat started on port(s): 8081 (http) with context path ''
2026-04-10 12:05:31 [main] INFO  c.l.r.LabRecruitmentApplication - Started LabRecruitmentApplication in 4.913 seconds (JVM running for 5.351)
2026-04-10 12:54:08 [SpringApplicationShutdownHook] INFO  com.zaxxer.hikari.HikariDataSource - HikariPool-1 - Shutdown initiated...
2026-04-10 12:54:08 [SpringApplicationShutdownHook] INFO  com.zaxxer.hikari.HikariDataSource - HikariPool-1 - Shutdown completed.
2026-04-10 12:54:12 [main] INFO  c.l.r.LabRecruitmentApplication - Starting LabRecruitmentApplication using Java 17.0.12 on DESKTOP-BA8OBJV with PID 42448 (C:\Users\cjh\IdeaProjects\labLink\lab\target\classes started by cjh in C:\Users\cjh\IdeaProjects\labLink)
2026-04-10 12:54:12 [main] INFO  c.l.r.LabRecruitmentApplication - No active profile set, falling back to 1 default profile: "default"
2026-04-10 12:54:13 [main] INFO  o.s.d.r.c.RepositoryConfigurationDelegate - Multiple Spring Data modules found, entering strict repository configuration mode
2026-04-10 12:54:13 [main] INFO  o.s.d.r.c.RepositoryConfigurationDelegate - Bootstrapping Spring Data Redis repositories in DEFAULT mode.
2026-04-10 12:54:13 [main] INFO  o.s.d.r.c.RepositoryConfigurationDelegate - Finished Spring Data repository scanning in 17 ms. Found 0 Redis repository interfaces.
2026-04-10 12:54:13 [main] INFO  o.s.b.w.e.tomcat.TomcatWebServer - Tomcat initialized with port(s): 8081 (http)
2026-04-10 12:54:13 [main] INFO  o.a.catalina.core.StandardService - Starting service [Tomcat]
2026-04-10 12:54:13 [main] INFO  o.a.catalina.core.StandardEngine - Starting Servlet engine: [Apache Tomcat/9.0.78]
2026-04-10 12:54:13 [main] INFO  o.a.c.c.C.[Tomcat].[localhost].[/] - Initializing Spring embedded WebApplicationContext
2026-04-10 12:54:13 [main] INFO  o.s.b.w.s.c.ServletWebServerApplicationContext - Root WebApplicationContext: initialization completed in 1406 ms
2026-04-10 12:54:14 [main] INFO  o.f.c.i.license.VersionPrinter - Flyway Community Edition 8.5.13 by Redgate
2026-04-10 12:54:14 [main] INFO  o.f.c.i.license.VersionPrinter - See what's new here: https://flywaydb.org/documentation/learnmore/releaseNotes#8.5.13
2026-04-10 12:54:14 [main] INFO  o.f.c.i.license.VersionPrinter - 
2026-04-10 12:54:14 [main] INFO  com.zaxxer.hikari.HikariDataSource - HikariPool-1 - Starting...
2026-04-10 12:54:14 [main] INFO  com.zaxxer.hikari.HikariDataSource - HikariPool-1 - Start completed.
2026-04-10 12:54:14 [main] INFO  o.f.c.i.d.base.BaseDatabaseType - Database: jdbc:mysql://localhost:3306/lab_recruitment (MySQL 8.0)
2026-04-10 12:54:14 [main] INFO  o.f.core.internal.command.DbValidate - Successfully validated 9 migrations (execution time 00:00.056s)
2026-04-10 12:54:14 [main] INFO  o.f.core.internal.command.DbMigrate - Current version of schema `lab_recruitment`: 9
2026-04-10 12:54:14 [main] INFO  o.f.core.internal.command.DbMigrate - Schema `lab_recruitment` is up to date. No migration necessary.
2026-04-10 12:54:15 [main] INFO  o.s.s.web.DefaultSecurityFilterChain - Will secure any request with [org.springframework.security.web.session.DisableEncodeUrlFilter@4a890fdd, org.springframework.security.web.context.request.async.WebAsyncManagerIntegrationFilter@56299b0e, org.springframework.security.web.context.SecurityContextPersistenceFilter@69c33ea2, org.springframework.security.web.header.HeaderWriterFilter@54234569, org.springframework.web.filter.CorsFilter@3ca278bc, org.springframework.security.web.authentication.logout.LogoutFilter@6ebbc06, com.lab.recruitment.config.JwtAuthenticationFilter@60dcf9ec, org.springframework.security.web.savedrequest.RequestCacheAwareFilter@2e3900dc, org.springframework.security.web.servletapi.SecurityContextHolderAwareRequestFilter@5ad0c70a, org.springframework.security.web.authentication.AnonymousAuthenticationFilter@283e1759, org.springframework.security.web.session.SessionManagementFilter@78b9155e, org.springframework.security.web.access.ExceptionTranslationFilter@216328b2, org.springframework.security.web.access.intercept.FilterSecurityInterceptor@31f5b923]
2026-04-10 12:54:16 [main] INFO  c.b.m.e.s.MybatisPlusApplicationContextAware - Register ApplicationContext instances org.springframework.boot.web.servlet.context.AnnotationConfigServletWebServerApplicationContext@20435c40
2026-04-10 12:54:16 [main] INFO  o.s.b.w.e.tomcat.TomcatWebServer - Tomcat started on port(s): 8081 (http) with context path ''
2026-04-10 12:54:16 [main] INFO  c.l.r.LabRecruitmentApplication - Started LabRecruitmentApplication in 4.586 seconds (JVM running for 5.138)
2026-04-10 12:54:22 [http-nio-8081-exec-1] INFO  o.a.c.c.C.[Tomcat].[localhost].[/] - Initializing Spring DispatcherServlet 'dispatcherServlet'
2026-04-10 12:54:22 [http-nio-8081-exec-1] INFO  o.s.web.servlet.DispatcherServlet - Initializing Servlet 'dispatcherServlet'
2026-04-10 12:54:22 [http-nio-8081-exec-1] INFO  o.s.web.servlet.DispatcherServlet - Completed initialization in 2 ms
2026-04-10 13:50:26 [SpringApplicationShutdownHook] INFO  com.zaxxer.hikari.HikariDataSource - HikariPool-1 - Shutdown initiated...
2026-04-10 13:50:26 [SpringApplicationShutdownHook] INFO  com.zaxxer.hikari.HikariDataSource - HikariPool-1 - Shutdown completed.
2026-04-10 13:50:33 [main] INFO  c.l.r.LabRecruitmentApplication - Starting LabRecruitmentApplication using Java 17.0.12 on DESKTOP-BA8OBJV with PID 41000 (C:\Users\cjh\IdeaProjects\labLink\lab\target\classes started by cjh in C:\Users\cjh\IdeaProjects\labLink)
2026-04-10 13:50:33 [main] INFO  c.l.r.LabRecruitmentApplication - No active profile set, falling back to 1 default profile: "default"
2026-04-10 13:50:34 [main] INFO  o.s.d.r.c.RepositoryConfigurationDelegate - Multiple Spring Data modules found, entering strict repository configuration mode
2026-04-10 13:50:34 [main] INFO  o.s.d.r.c.RepositoryConfigurationDelegate - Bootstrapping Spring Data Redis repositories in DEFAULT mode.
2026-04-10 13:50:34 [main] INFO  o.s.d.r.c.RepositoryConfigurationDelegate - Finished Spring Data repository scanning in 27 ms. Found 0 Redis repository interfaces.
2026-04-10 13:50:34 [main] INFO  c.l.r.LabRecruitmentApplication - Starting LabRecruitmentApplication using Java 17.0.12 on DESKTOP-BA8OBJV with PID 34284 (C:\Users\cjh\IdeaProjects\labLink\lab\target\classes started by cjh in C:\Users\cjh\IdeaProjects\labLink)
2026-04-10 13:50:34 [main] INFO  c.l.r.LabRecruitmentApplication - No active profile set, falling back to 1 default profile: "default"
2026-04-10 13:50:35 [main] INFO  o.s.b.w.e.tomcat.TomcatWebServer - Tomcat initialized with port(s): 8081 (http)
2026-04-10 13:50:35 [main] INFO  o.a.catalina.core.StandardService - Starting service [Tomcat]
2026-04-10 13:50:35 [main] INFO  o.a.catalina.core.StandardEngine - Starting Servlet engine: [Apache Tomcat/9.0.78]
2026-04-10 13:50:35 [main] INFO  o.a.c.c.C.[Tomcat].[localhost].[/] - Initializing Spring embedded WebApplicationContext
2026-04-10 13:50:35 [main] INFO  o.s.b.w.s.c.ServletWebServerApplicationContext - Root WebApplicationContext: initialization completed in 1932 ms
2026-04-10 13:50:35 [main] INFO  o.f.c.i.license.VersionPrinter - Flyway Community Edition 8.5.13 by Redgate
2026-04-10 13:50:35 [main] INFO  o.f.c.i.license.VersionPrinter - See what's new here: https://flywaydb.org/documentation/learnmore/releaseNotes#8.5.13
2026-04-10 13:50:35 [main] INFO  o.f.c.i.license.VersionPrinter - 
2026-04-10 13:50:35 [main] INFO  com.zaxxer.hikari.HikariDataSource - HikariPool-1 - Starting...
2026-04-10 13:50:35 [main] INFO  o.s.d.r.c.RepositoryConfigurationDelegate - Multiple Spring Data modules found, entering strict repository configuration mode
2026-04-10 13:50:35 [main] INFO  o.s.d.r.c.RepositoryConfigurationDelegate - Bootstrapping Spring Data Redis repositories in DEFAULT mode.
2026-04-10 13:50:35 [main] INFO  o.s.d.r.c.RepositoryConfigurationDelegate - Finished Spring Data repository scanning in 23 ms. Found 0 Redis repository interfaces.
2026-04-10 13:50:35 [main] INFO  com.zaxxer.hikari.HikariDataSource - HikariPool-1 - Start completed.
2026-04-10 13:50:35 [main] INFO  o.f.c.i.d.base.BaseDatabaseType - Database: jdbc:mysql://localhost:3306/lab_recruitment (MySQL 8.0)
2026-04-10 13:50:35 [main] INFO  o.f.core.internal.command.DbValidate - Successfully validated 9 migrations (execution time 00:00.067s)
2026-04-10 13:50:35 [main] INFO  o.f.core.internal.command.DbMigrate - Current version of schema `lab_recruitment`: 9
2026-04-10 13:50:35 [main] INFO  o.f.core.internal.command.DbMigrate - Schema `lab_recruitment` is up to date. No migration necessary.
2026-04-10 13:50:36 [main] INFO  o.s.b.w.e.tomcat.TomcatWebServer - Tomcat initialized with port(s): 8081 (http)
2026-04-10 13:50:36 [main] INFO  o.a.catalina.core.StandardService - Starting service [Tomcat]
2026-04-10 13:50:36 [main] INFO  o.a.catalina.core.StandardEngine - Starting Servlet engine: [Apache Tomcat/9.0.78]
2026-04-10 13:50:36 [main] INFO  o.a.c.c.C.[Tomcat].[localhost].[/] - Initializing Spring embedded WebApplicationContext
2026-04-10 13:50:36 [main] INFO  o.s.b.w.s.c.ServletWebServerApplicationContext - Root WebApplicationContext: initialization completed in 1304 ms
2026-04-10 13:50:36 [main] INFO  o.f.c.i.license.VersionPrinter - Flyway Community Edition 8.5.13 by Redgate
2026-04-10 13:50:36 [main] INFO  o.f.c.i.license.VersionPrinter - See what's new here: https://flywaydb.org/documentation/learnmore/releaseNotes#8.5.13
2026-04-10 13:50:36 [main] INFO  o.f.c.i.license.VersionPrinter - 
2026-04-10 13:50:36 [main] INFO  com.zaxxer.hikari.HikariDataSource - HikariPool-1 - Starting...
2026-04-10 13:50:36 [main] INFO  com.zaxxer.hikari.HikariDataSource - HikariPool-1 - Start completed.
2026-04-10 13:50:36 [main] INFO  o.f.c.i.d.base.BaseDatabaseType - Database: jdbc:mysql://localhost:3306/lab_recruitment (MySQL 8.0)
2026-04-10 13:50:36 [main] INFO  o.f.core.internal.command.DbValidate - Successfully validated 9 migrations (execution time 00:00.038s)
2026-04-10 13:50:36 [main] INFO  o.f.core.internal.command.DbMigrate - Current version of schema `lab_recruitment`: 9
2026-04-10 13:50:36 [main] INFO  o.f.core.internal.command.DbMigrate - Schema `lab_recruitment` is up to date. No migration necessary.
2026-04-10 13:50:38 [main] INFO  o.s.s.web.DefaultSecurityFilterChain - Will secure any request with [org.springframework.security.web.session.DisableEncodeUrlFilter@70f98f7a, org.springframework.security.web.context.request.async.WebAsyncManagerIntegrationFilter@713e7d9a, org.springframework.security.web.context.SecurityContextPersistenceFilter@2f6f4ac4, org.springframework.security.web.header.HeaderWriterFilter@6814262d, org.springframework.web.filter.CorsFilter@681d704e, org.springframework.security.web.authentication.logout.LogoutFilter@216328b2, com.lab.recruitment.config.JwtAuthenticationFilter@3d4ecc67, org.springframework.security.web.savedrequest.RequestCacheAwareFilter@49e62b17, org.springframework.security.web.servletapi.SecurityContextHolderAwareRequestFilter@288409f0, org.springframework.security.web.authentication.AnonymousAuthenticationFilter@846b47, org.springframework.security.web.session.SessionManagementFilter@236fd411, org.springframework.security.web.access.ExceptionTranslationFilter@304744a1, org.springframework.security.web.access.intercept.FilterSecurityInterceptor@21540255]
2026-04-10 13:50:38 [main] INFO  o.s.s.web.DefaultSecurityFilterChain - Will secure any request with [org.springframework.security.web.session.DisableEncodeUrlFilter@2965dd88, org.springframework.security.web.context.request.async.WebAsyncManagerIntegrationFilter@3221588e, org.springframework.security.web.context.SecurityContextPersistenceFilter@18b04526, org.springframework.security.web.header.HeaderWriterFilter@f3876ef, org.springframework.web.filter.CorsFilter@51141f64, org.springframework.security.web.authentication.logout.LogoutFilter@7d7d8911, com.lab.recruitment.config.JwtAuthenticationFilter@7ef41ca2, org.springframework.security.web.savedrequest.RequestCacheAwareFilter@31b6fb14, org.springframework.security.web.servletapi.SecurityContextHolderAwareRequestFilter@3eee08f5, org.springframework.security.web.authentication.AnonymousAuthenticationFilter@32c0fecc, org.springframework.security.web.session.SessionManagementFilter@1f6c4ae, org.springframework.security.web.access.ExceptionTranslationFilter@6f112f70, org.springframework.security.web.access.intercept.FilterSecurityInterceptor@38e46765]
2026-04-10 13:50:38 [main] INFO  c.b.m.e.s.MybatisPlusApplicationContextAware - Register ApplicationContext instances org.springframework.boot.web.servlet.context.AnnotationConfigServletWebServerApplicationContext@20435c40
2026-04-10 13:50:39 [main] INFO  c.b.m.e.s.MybatisPlusApplicationContextAware - Register ApplicationContext instances org.springframework.boot.web.servlet.context.AnnotationConfigServletWebServerApplicationContext@20435c40
2026-04-10 13:50:39 [main] WARN  o.s.b.w.s.c.AnnotationConfigServletWebServerApplicationContext - Exception encountered during context initialization - cancelling refresh attempt: org.springframework.context.ApplicationContextException: Failed to start bean 'webServerStartStop'; nested exception is org.springframework.boot.web.server.PortInUseException: Port 8081 is already in use
2026-04-10 13:50:39 [main] INFO  o.s.b.w.e.tomcat.TomcatWebServer - Tomcat started on port(s): 8081 (http) with context path ''
2026-04-10 13:50:39 [main] INFO  com.zaxxer.hikari.HikariDataSource - HikariPool-1 - Shutdown initiated...
2026-04-10 13:50:39 [main] INFO  com.zaxxer.hikari.HikariDataSource - HikariPool-1 - Shutdown completed.
2026-04-10 13:50:39 [main] INFO  o.a.catalina.core.StandardService - Stopping service [Tomcat]
2026-04-10 13:50:39 [main] INFO  c.l.r.LabRecruitmentApplication - Started LabRecruitmentApplication in 5.372 seconds (JVM running for 5.806)
2026-04-10 13:50:39 [main] INFO  o.s.b.a.l.ConditionEvaluationReportLoggingListener - 

Error starting ApplicationContext. To display the conditions report re-run your application with 'debug' enabled.
2026-04-10 13:50:39 [main] ERROR o.s.b.d.LoggingFailureAnalysisReporter - 

***************************
APPLICATION FAILED TO START
***************************

Description:

Web server failed to start. Port 8081 was already in use.

Action:

Identify and stop the process that's listening on port 8081 or configure this application to listen on another port.

2026-04-10 13:50:48 [http-nio-8081-exec-2] INFO  o.a.c.c.C.[Tomcat].[localhost].[/] - Initializing Spring DispatcherServlet 'dispatcherServlet'
2026-04-10 13:50:48 [http-nio-8081-exec-2] INFO  o.s.web.servlet.DispatcherServlet - Initializing Servlet 'dispatcherServlet'
2026-04-10 13:50:48 [http-nio-8081-exec-2] INFO  o.s.web.servlet.DispatcherServlet - Completed initialization in 1 ms
2026-04-10 15:01:36 [HikariPool-1 housekeeper] WARN  com.zaxxer.hikari.pool.HikariPool - HikariPool-1 - Thread starvation or clock leap detected (housekeeper delta=32m59s290ms546µs300ns).
2026-04-10 15:33:38 [SpringApplicationShutdownHook] INFO  com.zaxxer.hikari.HikariDataSource - HikariPool-1 - Shutdown initiated...
2026-04-10 15:33:38 [SpringApplicationShutdownHook] INFO  com.zaxxer.hikari.HikariDataSource - HikariPool-1 - Shutdown completed.
